Component: ARM Compiler 6.7 Tool: armlink [5c9ef700]

==============================================================================

Section Cross References

    main.o(.text.show_image) refers to image_data.o(.rodata.image_data) for image_data
    main.o(.text.show_image) refers to dev_lcd.o(.text.LCD_Fast_DrawPoint) for LCD_Fast_DrawPoint
    main.o(.ARM.exidx.text.show_image) refers to main.o(.text.show_image) for [Anonymous Symbol]
    main.o(.text.main) refers to sys_tick.o(.text.sys_tick_init) for sys_tick_init
    main.o(.text.main) refers to dev_led.o(.text.dev_led_init) for dev_led_init
    main.o(.text.main) refers to dev_lcd.o(.text.LCD_Init) for LCD_Init
    main.o(.text.main) refers to main.o(.text.show_image) for show_image
    main.o(.text.main) refers to sys_tick.o(.text.sys_tick_delay_ms) for sys_tick_delay_ms
    main.o(.text.main) refers to dev_led.o(.text.dev_led_disable) for dev_led_disable
    main.o(.text.main) refers to dev_led.o(.text.dev_led_enable) for dev_led_enable
    main.o(.ARM.exidx.text.main) refers to main.o(.text.main) for [Anonymous Symbol]
    dev_lcd.o(.ARM.exidx.text.LCD_WR_REG) refers to dev_lcd.o(.text.LCD_WR_REG) for [Anonymous Symbol]
    dev_lcd.o(.ARM.exidx.text.LCD_WR_DATAX) refers to dev_lcd.o(.text.LCD_WR_DATAX) for [Anonymous Symbol]
    dev_lcd.o(.text.LCD_RD_DATA) refers to dev_lcd.o(.bss.lcddev) for lcddev
    dev_lcd.o(.text.LCD_RD_DATA) refers to sys_tick.o(.text.sys_tick_delay_us) for sys_tick_delay_us
    dev_lcd.o(.ARM.exidx.text.LCD_RD_DATA) refers to dev_lcd.o(.text.LCD_RD_DATA) for [Anonymous Symbol]
    dev_lcd.o(.text.LCD_WriteReg) refers to dev_lcd.o(.text.LCD_WR_REG) for LCD_WR_REG
    dev_lcd.o(.ARM.exidx.text.LCD_WriteReg) refers to dev_lcd.o(.text.LCD_WriteReg) for [Anonymous Symbol]
    dev_lcd.o(.text.LCD_ReadReg) refers to dev_lcd.o(.text.LCD_WR_REG) for LCD_WR_REG
    dev_lcd.o(.text.LCD_ReadReg) refers to dev_lcd.o(.text.LCD_RD_DATA) for LCD_RD_DATA
    dev_lcd.o(.ARM.exidx.text.LCD_ReadReg) refers to dev_lcd.o(.text.LCD_ReadReg) for [Anonymous Symbol]
    dev_lcd.o(.text.LCD_WriteRAM_Prepare) refers to dev_lcd.o(.bss.lcddev) for lcddev
    dev_lcd.o(.text.LCD_WriteRAM_Prepare) refers to dev_lcd.o(.text.LCD_WR_REG) for LCD_WR_REG
    dev_lcd.o(.ARM.exidx.text.LCD_WriteRAM_Prepare) refers to dev_lcd.o(.text.LCD_WriteRAM_Prepare) for [Anonymous Symbol]
    dev_lcd.o(.ARM.exidx.text.LCD_WriteRAM) refers to dev_lcd.o(.text.LCD_WriteRAM) for [Anonymous Symbol]
    dev_lcd.o(.ARM.exidx.text.LCD_BGR2RGB) refers to dev_lcd.o(.text.LCD_BGR2RGB) for [Anonymous Symbol]
    dev_lcd.o(.ARM.exidx.text.opt_delay) refers to dev_lcd.o(.text.opt_delay) for [Anonymous Symbol]
    dev_lcd.o(.text.LCD_ReadPoint) refers to dev_lcd.o(.bss.lcddev) for lcddev
    dev_lcd.o(.text.LCD_ReadPoint) refers to dev_lcd.o(.text.LCD_SetCursor) for LCD_SetCursor
    dev_lcd.o(.text.LCD_ReadPoint) refers to dev_lcd.o(.text.LCD_WR_REG) for LCD_WR_REG
    dev_lcd.o(.text.LCD_ReadPoint) refers to dev_lcd.o(.text.LCD_BGR2RGB) for LCD_BGR2RGB
    dev_lcd.o(.ARM.exidx.text.LCD_ReadPoint) refers to dev_lcd.o(.text.LCD_ReadPoint) for [Anonymous Symbol]
    dev_lcd.o(.text.LCD_SetCursor) refers to dev_lcd.o(.bss.lcddev) for lcddev
    dev_lcd.o(.text.LCD_SetCursor) refers to dev_lcd.o(.text.LCD_WriteReg) for LCD_WriteReg
    dev_lcd.o(.text.LCD_SetCursor) refers to dev_lcd.o(.text.LCD_WR_REG) for LCD_WR_REG
    dev_lcd.o(.ARM.exidx.text.LCD_SetCursor) refers to dev_lcd.o(.text.LCD_SetCursor) for [Anonymous Symbol]
    dev_lcd.o(.text.LCD_DisplayOn) refers to dev_lcd.o(.bss.lcddev) for lcddev
    dev_lcd.o(.text.LCD_DisplayOn) refers to dev_lcd.o(.text.LCD_WR_REG) for LCD_WR_REG
    dev_lcd.o(.text.LCD_DisplayOn) refers to dev_lcd.o(.text.LCD_WriteReg) for LCD_WriteReg
    dev_lcd.o(.ARM.exidx.text.LCD_DisplayOn) refers to dev_lcd.o(.text.LCD_DisplayOn) for [Anonymous Symbol]
    dev_lcd.o(.text.LCD_DisplayOff) refers to dev_lcd.o(.bss.lcddev) for lcddev
    dev_lcd.o(.text.LCD_DisplayOff) refers to dev_lcd.o(.text.LCD_WR_REG) for LCD_WR_REG
    dev_lcd.o(.text.LCD_DisplayOff) refers to dev_lcd.o(.text.LCD_WriteReg) for LCD_WriteReg
    dev_lcd.o(.ARM.exidx.text.LCD_DisplayOff) refers to dev_lcd.o(.text.LCD_DisplayOff) for [Anonymous Symbol]
    dev_lcd.o(.text.LCD_Scan_Dir) refers to dev_lcd.o(.bss.lcddev) for lcddev
    dev_lcd.o(.text.LCD_Scan_Dir) refers to dev_lcd.o(.text.LCD_WriteReg) for LCD_WriteReg
    dev_lcd.o(.text.LCD_Scan_Dir) refers to dev_lcd.o(.text.LCD_WR_REG) for LCD_WR_REG
    dev_lcd.o(.ARM.exidx.text.LCD_Scan_Dir) refers to dev_lcd.o(.text.LCD_Scan_Dir) for [Anonymous Symbol]
    dev_lcd.o(.text.LCD_DrawPoint) refers to dev_lcd.o(.text.LCD_SetCursor) for LCD_SetCursor
    dev_lcd.o(.text.LCD_DrawPoint) refers to dev_lcd.o(.text.LCD_WriteRAM_Prepare) for LCD_WriteRAM_Prepare
    dev_lcd.o(.text.LCD_DrawPoint) refers to dev_lcd.o(.bss.POINT_COLOR) for POINT_COLOR
    dev_lcd.o(.ARM.exidx.text.LCD_DrawPoint) refers to dev_lcd.o(.text.LCD_DrawPoint) for [Anonymous Symbol]
    dev_lcd.o(.text.LCD_Fast_DrawPoint) refers to dev_lcd.o(.bss.lcddev) for lcddev
    dev_lcd.o(.text.LCD_Fast_DrawPoint) refers to dev_lcd.o(.text.LCD_WR_REG) for LCD_WR_REG
    dev_lcd.o(.text.LCD_Fast_DrawPoint) refers to dev_lcd.o(.text.LCD_WriteReg) for LCD_WriteReg
    dev_lcd.o(.ARM.exidx.text.LCD_Fast_DrawPoint) refers to dev_lcd.o(.text.LCD_Fast_DrawPoint) for [Anonymous Symbol]
    dev_lcd.o(.text.LCD_SSD_BackLightSet) refers to dev_lcd.o(.text.LCD_WR_REG) for LCD_WR_REG
    dev_lcd.o(.text.LCD_SSD_BackLightSet) refers to dfltui.o(.text) for __aeabi_ui2d
    dev_lcd.o(.text.LCD_SSD_BackLightSet) refers to dmul.o(.text) for __aeabi_dmul
    dev_lcd.o(.text.LCD_SSD_BackLightSet) refers to dfixui.o(.text) for __aeabi_d2uiz
    dev_lcd.o(.ARM.exidx.text.LCD_SSD_BackLightSet) refers to dev_lcd.o(.text.LCD_SSD_BackLightSet) for [Anonymous Symbol]
    dev_lcd.o(.text.LCD_Display_Dir) refers to dev_lcd.o(.bss.lcddev) for lcddev
    dev_lcd.o(.text.LCD_Display_Dir) refers to dev_lcd.o(.text.LCD_Scan_Dir) for LCD_Scan_Dir
    dev_lcd.o(.ARM.exidx.text.LCD_Display_Dir) refers to dev_lcd.o(.text.LCD_Display_Dir) for [Anonymous Symbol]
    dev_lcd.o(.text.LCD_Set_Window) refers to dev_lcd.o(.bss.lcddev) for lcddev
    dev_lcd.o(.text.LCD_Set_Window) refers to dev_lcd.o(.text.LCD_WR_REG) for LCD_WR_REG
    dev_lcd.o(.text.LCD_Set_Window) refers to dev_lcd.o(.text.LCD_WriteReg) for LCD_WriteReg
    dev_lcd.o(.text.LCD_Set_Window) refers to dev_lcd.o(.text.LCD_SetCursor) for LCD_SetCursor
    dev_lcd.o(.ARM.exidx.text.LCD_Set_Window) refers to dev_lcd.o(.text.LCD_Set_Window) for [Anonymous Symbol]
    dev_lcd.o(.text.LCD_Init) refers to stm32f10x_rcc.o(.text.RCC_APB2PeriphClockCmd) for RCC_APB2PeriphClockCmd
    dev_lcd.o(.text.LCD_Init) refers to stm32f10x_gpio.o(.text.GPIO_PinRemapConfig) for GPIO_PinRemapConfig
    dev_lcd.o(.text.LCD_Init) refers to stm32f10x_gpio.o(.text.GPIO_Init) for GPIO_Init
    dev_lcd.o(.text.LCD_Init) refers to stm32f10x_gpio.o(.text.GPIO_SetBits) for GPIO_SetBits
    dev_lcd.o(.text.LCD_Init) refers to sys_tick.o(.text.sys_tick_delay_ms) for sys_tick_delay_ms
    dev_lcd.o(.text.LCD_Init) refers to dev_lcd.o(.text.LCD_WriteReg) for LCD_WriteReg
    dev_lcd.o(.text.LCD_Init) refers to dev_lcd.o(.text.LCD_ReadReg) for LCD_ReadReg
    dev_lcd.o(.text.LCD_Init) refers to dev_lcd.o(.bss.lcddev) for lcddev
    dev_lcd.o(.text.LCD_Init) refers to dev_lcd.o(.text.LCD_WR_REG) for LCD_WR_REG
    dev_lcd.o(.text.LCD_Init) refers to dev_lcd.o(.text.LCD_RD_DATA) for LCD_RD_DATA
    dev_lcd.o(.text.LCD_Init) refers to dev_lcd.o(.text.LCD_WR_DATAX) for LCD_WR_DATAX
    dev_lcd.o(.text.LCD_Init) refers to sys_tick.o(.text.sys_tick_delay_us) for sys_tick_delay_us
    dev_lcd.o(.text.LCD_Init) refers to dev_lcd.o(.text.LCD_Display_Dir) for LCD_Display_Dir
    dev_lcd.o(.text.LCD_Init) refers to dev_lcd.o(.text.LCD_Clear) for LCD_Clear
    dev_lcd.o(.text.LCD_Init) refers to dev_lcd.o(.text.LCD_SSD_BackLightSet) for LCD_SSD_BackLightSet
    dev_lcd.o(.ARM.exidx.text.LCD_Init) refers to dev_lcd.o(.text.LCD_Init) for [Anonymous Symbol]
    dev_lcd.o(.text.LCD_Clear) refers to dev_lcd.o(.bss.lcddev) for lcddev
    dev_lcd.o(.text.LCD_Clear) refers to dev_lcd.o(.text.LCD_SetCursor) for LCD_SetCursor
    dev_lcd.o(.text.LCD_Clear) refers to dev_lcd.o(.text.LCD_WriteRAM_Prepare) for LCD_WriteRAM_Prepare
    dev_lcd.o(.ARM.exidx.text.LCD_Clear) refers to dev_lcd.o(.text.LCD_Clear) for [Anonymous Symbol]
    dev_lcd.o(.text.LCD_Fill) refers to dev_lcd.o(.bss.lcddev) for lcddev
    dev_lcd.o(.text.LCD_Fill) refers to dev_lcd.o(.text.LCD_SetCursor) for LCD_SetCursor
    dev_lcd.o(.text.LCD_Fill) refers to dev_lcd.o(.text.LCD_WriteRAM_Prepare) for LCD_WriteRAM_Prepare
    dev_lcd.o(.ARM.exidx.text.LCD_Fill) refers to dev_lcd.o(.text.LCD_Fill) for [Anonymous Symbol]
    dev_lcd.o(.text.LCD_Color_Fill) refers to dev_lcd.o(.text.LCD_SetCursor) for LCD_SetCursor
    dev_lcd.o(.text.LCD_Color_Fill) refers to dev_lcd.o(.text.LCD_WriteRAM_Prepare) for LCD_WriteRAM_Prepare
    dev_lcd.o(.ARM.exidx.text.LCD_Color_Fill) refers to dev_lcd.o(.text.LCD_Color_Fill) for [Anonymous Symbol]
    dev_lcd.o(.text.LCD_DrawLine) refers to dev_lcd.o(.text.LCD_DrawPoint) for LCD_DrawPoint
    dev_lcd.o(.ARM.exidx.text.LCD_DrawLine) refers to dev_lcd.o(.text.LCD_DrawLine) for [Anonymous Symbol]
    dev_lcd.o(.text.LCD_DrawRectangle) refers to dev_lcd.o(.text.LCD_DrawLine) for LCD_DrawLine
    dev_lcd.o(.ARM.exidx.text.LCD_DrawRectangle) refers to dev_lcd.o(.text.LCD_DrawRectangle) for [Anonymous Symbol]
    dev_lcd.o(.text.LCD_Draw_Circle) refers to dev_lcd.o(.text.LCD_DrawPoint) for LCD_DrawPoint
    dev_lcd.o(.ARM.exidx.text.LCD_Draw_Circle) refers to dev_lcd.o(.text.LCD_Draw_Circle) for [Anonymous Symbol]
    dev_lcd.o(.text.LCD_ShowChar) refers to dev_lcd.o(.bss.lcddev) for lcddev
    dev_lcd.o(.text.LCD_ShowChar) refers to dev_lcd.o(.rodata.asc2_1608) for asc2_1608
    dev_lcd.o(.text.LCD_ShowChar) refers to dev_lcd.o(.rodata.asc2_1206) for asc2_1206
    dev_lcd.o(.text.LCD_ShowChar) refers to dev_lcd.o(.rodata.asc2_2412) for asc2_2412
    dev_lcd.o(.text.LCD_ShowChar) refers to dev_lcd.o(.data.BACK_COLOR) for BACK_COLOR
    dev_lcd.o(.text.LCD_ShowChar) refers to dev_lcd.o(.bss.POINT_COLOR) for POINT_COLOR
    dev_lcd.o(.text.LCD_ShowChar) refers to dev_lcd.o(.text.LCD_Fast_DrawPoint) for LCD_Fast_DrawPoint
    dev_lcd.o(.ARM.exidx.text.LCD_ShowChar) refers to dev_lcd.o(.text.LCD_ShowChar) for [Anonymous Symbol]
    dev_lcd.o(.ARM.exidx.text.LCD_Pow) refers to dev_lcd.o(.text.LCD_Pow) for [Anonymous Symbol]
    dev_lcd.o(.text.LCD_ShowNum) refers to dev_lcd.o(.text.LCD_Pow) for LCD_Pow
    dev_lcd.o(.text.LCD_ShowNum) refers to dev_lcd.o(.text.LCD_ShowChar) for LCD_ShowChar
    dev_lcd.o(.ARM.exidx.text.LCD_ShowNum) refers to dev_lcd.o(.text.LCD_ShowNum) for [Anonymous Symbol]
    dev_lcd.o(.text.LCD_ShowxNum) refers to dev_lcd.o(.text.LCD_ShowChar) for LCD_ShowChar
    dev_lcd.o(.text.LCD_ShowxNum) refers to dev_lcd.o(.text.LCD_Pow) for LCD_Pow
    dev_lcd.o(.ARM.exidx.text.LCD_ShowxNum) refers to dev_lcd.o(.text.LCD_ShowxNum) for [Anonymous Symbol]
    dev_lcd.o(.text.LCD_ShowString) refers to dev_lcd.o(.text.LCD_ShowChar) for LCD_ShowChar
    dev_lcd.o(.ARM.exidx.text.LCD_ShowString) refers to dev_lcd.o(.text.LCD_ShowString) for [Anonymous Symbol]
    dev_led.o(.text.dev_led_init) refers to stm32f10x_rcc.o(.text.RCC_APB2PeriphClockCmd) for RCC_APB2PeriphClockCmd
    dev_led.o(.text.dev_led_init) refers to stm32f10x_gpio.o(.text.GPIO_Init) for GPIO_Init
    dev_led.o(.text.dev_led_init) refers to stm32f10x_gpio.o(.text.GPIO_SetBits) for GPIO_SetBits
    dev_led.o(.ARM.exidx.text.dev_led_init) refers to dev_led.o(.text.dev_led_init) for [Anonymous Symbol]
    dev_led.o(.text.dev_led_enable) refers to stm32f10x_gpio.o(.text.GPIO_ResetBits) for GPIO_ResetBits
    dev_led.o(.ARM.exidx.text.dev_led_enable) refers to dev_led.o(.text.dev_led_enable) for [Anonymous Symbol]
    dev_led.o(.text.dev_led_disable) refers to stm32f10x_gpio.o(.text.GPIO_SetBits) for GPIO_SetBits
    dev_led.o(.ARM.exidx.text.dev_led_disable) refers to dev_led.o(.text.dev_led_disable) for [Anonymous Symbol]
    sys_base.o(.ARM.exidx.text.WFI_SET) refers to sys_base.o(.text.WFI_SET) for [Anonymous Symbol]
    sys_base.o(.ARM.exidx.text.INTX_DISABLE) refers to sys_base.o(.text.INTX_DISABLE) for [Anonymous Symbol]
    sys_base.o(.ARM.exidx.text.INTX_ENABLE) refers to sys_base.o(.text.INTX_ENABLE) for [Anonymous Symbol]
    sys_tick.o(.text.SysTick_Handler) refers to sys_tick.o(.bss.tick_low) for tick_low
    sys_tick.o(.text.SysTick_Handler) refers to sys_tick.o(.bss.tick_high) for tick_high
    sys_tick.o(.ARM.exidx.text.SysTick_Handler) refers to sys_tick.o(.text.SysTick_Handler) for [Anonymous Symbol]
    sys_tick.o(.text.sys_tick_init) refers to sys_tick.o(.bss.tick_high) for tick_high
    sys_tick.o(.text.sys_tick_init) refers to sys_tick.o(.bss.tick_low) for tick_low
    sys_tick.o(.ARM.exidx.text.sys_tick_init) refers to sys_tick.o(.text.sys_tick_init) for [Anonymous Symbol]
    sys_tick.o(.text.sys_tick_get_tick) refers to sys_tick.o(.bss.tick_low) for tick_low
    sys_tick.o(.text.sys_tick_get_tick) refers to sys_tick.o(.bss.tick_high) for tick_high
    sys_tick.o(.ARM.exidx.text.sys_tick_get_tick) refers to sys_tick.o(.text.sys_tick_get_tick) for [Anonymous Symbol]
    sys_tick.o(.text.sys_tick_wait_to) refers to sys_tick.o(.text.sys_tick_get_tick) for sys_tick_get_tick
    sys_tick.o(.ARM.exidx.text.sys_tick_wait_to) refers to sys_tick.o(.text.sys_tick_wait_to) for [Anonymous Symbol]
    sys_tick.o(.ARM.exidx.text.sys_tick_calc_tick_us) refers to sys_tick.o(.text.sys_tick_calc_tick_us) for [Anonymous Symbol]
    sys_tick.o(.ARM.exidx.text.sys_tick_calc_tick_ms) refers to sys_tick.o(.text.sys_tick_calc_tick_ms) for [Anonymous Symbol]
    sys_tick.o(.text.sys_tick_delay_us) refers to sys_tick.o(.text.sys_tick_get_tick) for sys_tick_get_tick
    sys_tick.o(.text.sys_tick_delay_us) refers to sys_tick.o(.text.sys_tick_calc_tick_us) for sys_tick_calc_tick_us
    sys_tick.o(.text.sys_tick_delay_us) refers to sys_tick.o(.text.sys_tick_wait_to) for sys_tick_wait_to
    sys_tick.o(.ARM.exidx.text.sys_tick_delay_us) refers to sys_tick.o(.text.sys_tick_delay_us) for [Anonymous Symbol]
    sys_tick.o(.text.sys_tick_delay_ms) refers to sys_tick.o(.text.sys_tick_calc_tick_ms) for sys_tick_calc_tick_ms
    sys_tick.o(.text.sys_tick_delay_ms) refers to sys_tick.o(.text.sys_tick_get_tick) for sys_tick_get_tick
    sys_tick.o(.text.sys_tick_delay_ms) refers to sys_tick.o(.text.sys_tick_wait_to) for sys_tick_wait_to
    sys_tick.o(.ARM.exidx.text.sys_tick_delay_ms) refers to sys_tick.o(.text.sys_tick_delay_ms) for [Anonymous Symbol]
    stm32f10x_gpio.o(.text.GPIO_DeInit) refers to stm32f10x_rcc.o(.text.RCC_APB2PeriphResetCmd) for RCC_APB2PeriphResetCmd
    stm32f10x_gpio.o(.ARM.exidx.text.GPIO_DeInit) refers to stm32f10x_gpio.o(.text.GPIO_DeInit) for [Anonymous Symbol]
    stm32f10x_gpio.o(.text.GPIO_AFIODeInit) refers to stm32f10x_rcc.o(.text.RCC_APB2PeriphResetCmd) for RCC_APB2PeriphResetCmd
    stm32f10x_gpio.o(.ARM.exidx.text.GPIO_AFIODeInit) refers to stm32f10x_gpio.o(.text.GPIO_AFIODeInit) for [Anonymous Symbol]
    stm32f10x_gpio.o(.ARM.exidx.text.GPIO_Init) refers to stm32f10x_gpio.o(.text.GPIO_Init) for [Anonymous Symbol]
    stm32f10x_gpio.o(.ARM.exidx.text.GPIO_StructInit) refers to stm32f10x_gpio.o(.text.GPIO_StructInit) for [Anonymous Symbol]
    stm32f10x_gpio.o(.ARM.exidx.text.GPIO_ReadInputDataBit) refers to stm32f10x_gpio.o(.text.GPIO_ReadInputDataBit) for [Anonymous Symbol]
    stm32f10x_gpio.o(.ARM.exidx.text.GPIO_ReadInputData) refers to stm32f10x_gpio.o(.text.GPIO_ReadInputData) for [Anonymous Symbol]
    stm32f10x_gpio.o(.ARM.exidx.text.GPIO_ReadOutputDataBit) refers to stm32f10x_gpio.o(.text.GPIO_ReadOutputDataBit) for [Anonymous Symbol]
    stm32f10x_gpio.o(.ARM.exidx.text.GPIO_ReadOutputData) refers to stm32f10x_gpio.o(.text.GPIO_ReadOutputData) for [Anonymous Symbol]
    stm32f10x_gpio.o(.ARM.exidx.text.GPIO_SetBits) refers to stm32f10x_gpio.o(.text.GPIO_SetBits) for [Anonymous Symbol]
    stm32f10x_gpio.o(.ARM.exidx.text.GPIO_ResetBits) refers to stm32f10x_gpio.o(.text.GPIO_ResetBits) for [Anonymous Symbol]
    stm32f10x_gpio.o(.ARM.exidx.text.GPIO_WriteBit) refers to stm32f10x_gpio.o(.text.GPIO_WriteBit) for [Anonymous Symbol]
    stm32f10x_gpio.o(.ARM.exidx.text.GPIO_Write) refers to stm32f10x_gpio.o(.text.GPIO_Write) for [Anonymous Symbol]
    stm32f10x_gpio.o(.ARM.exidx.text.GPIO_PinLockConfig) refers to stm32f10x_gpio.o(.text.GPIO_PinLockConfig) for [Anonymous Symbol]
    stm32f10x_gpio.o(.ARM.exidx.text.GPIO_EventOutputConfig) refers to stm32f10x_gpio.o(.text.GPIO_EventOutputConfig) for [Anonymous Symbol]
    stm32f10x_gpio.o(.ARM.exidx.text.GPIO_EventOutputCmd) refers to stm32f10x_gpio.o(.text.GPIO_EventOutputCmd) for [Anonymous Symbol]
    stm32f10x_gpio.o(.ARM.exidx.text.GPIO_PinRemapConfig) refers to stm32f10x_gpio.o(.text.GPIO_PinRemapConfig) for [Anonymous Symbol]
    stm32f10x_gpio.o(.ARM.exidx.text.GPIO_EXTILineConfig) refers to stm32f10x_gpio.o(.text.GPIO_EXTILineConfig) for [Anonymous Symbol]
    stm32f10x_gpio.o(.ARM.exidx.text.GPIO_ETH_MediaInterfaceConfig) refers to stm32f10x_gpio.o(.text.GPIO_ETH_MediaInterfaceConfig) for [Anonymous Symbol]
    stm32f10x_rcc.o(.ARM.exidx.text.RCC_DeInit) refers to stm32f10x_rcc.o(.text.RCC_DeInit) for [Anonymous Symbol]
    stm32f10x_rcc.o(.ARM.exidx.text.RCC_HSEConfig) refers to stm32f10x_rcc.o(.text.RCC_HSEConfig) for [Anonymous Symbol]
    stm32f10x_rcc.o(.text.RCC_WaitForHSEStartUp) refers to stm32f10x_rcc.o(.text.RCC_GetFlagStatus) for RCC_GetFlagStatus
    stm32f10x_rcc.o(.ARM.exidx.text.RCC_WaitForHSEStartUp) refers to stm32f10x_rcc.o(.text.RCC_WaitForHSEStartUp) for [Anonymous Symbol]
    stm32f10x_rcc.o(.ARM.exidx.text.RCC_GetFlagStatus) refers to stm32f10x_rcc.o(.text.RCC_GetFlagStatus) for [Anonymous Symbol]
    stm32f10x_rcc.o(.ARM.exidx.text.RCC_AdjustHSICalibrationValue) refers to stm32f10x_rcc.o(.text.RCC_AdjustHSICalibrationValue) for [Anonymous Symbol]
    stm32f10x_rcc.o(.ARM.exidx.text.RCC_HSICmd) refers to stm32f10x_rcc.o(.text.RCC_HSICmd) for [Anonymous Symbol]
    stm32f10x_rcc.o(.ARM.exidx.text.RCC_PLLConfig) refers to stm32f10x_rcc.o(.text.RCC_PLLConfig) for [Anonymous Symbol]
    stm32f10x_rcc.o(.ARM.exidx.text.RCC_PLLCmd) refers to stm32f10x_rcc.o(.text.RCC_PLLCmd) for [Anonymous Symbol]
    stm32f10x_rcc.o(.ARM.exidx.text.RCC_SYSCLKConfig) refers to stm32f10x_rcc.o(.text.RCC_SYSCLKConfig) for [Anonymous Symbol]
    stm32f10x_rcc.o(.ARM.exidx.text.RCC_GetSYSCLKSource) refers to stm32f10x_rcc.o(.text.RCC_GetSYSCLKSource) for [Anonymous Symbol]
    stm32f10x_rcc.o(.ARM.exidx.text.RCC_HCLKConfig) refers to stm32f10x_rcc.o(.text.RCC_HCLKConfig) for [Anonymous Symbol]
    stm32f10x_rcc.o(.ARM.exidx.text.RCC_PCLK1Config) refers to stm32f10x_rcc.o(.text.RCC_PCLK1Config) for [Anonymous Symbol]
    stm32f10x_rcc.o(.ARM.exidx.text.RCC_PCLK2Config) refers to stm32f10x_rcc.o(.text.RCC_PCLK2Config) for [Anonymous Symbol]
    stm32f10x_rcc.o(.ARM.exidx.text.RCC_ITConfig) refers to stm32f10x_rcc.o(.text.RCC_ITConfig) for [Anonymous Symbol]
    stm32f10x_rcc.o(.ARM.exidx.text.RCC_USBCLKConfig) refers to stm32f10x_rcc.o(.text.RCC_USBCLKConfig) for [Anonymous Symbol]
    stm32f10x_rcc.o(.ARM.exidx.text.RCC_ADCCLKConfig) refers to stm32f10x_rcc.o(.text.RCC_ADCCLKConfig) for [Anonymous Symbol]
    stm32f10x_rcc.o(.ARM.exidx.text.RCC_LSEConfig) refers to stm32f10x_rcc.o(.text.RCC_LSEConfig) for [Anonymous Symbol]
    stm32f10x_rcc.o(.ARM.exidx.text.RCC_LSICmd) refers to stm32f10x_rcc.o(.text.RCC_LSICmd) for [Anonymous Symbol]
    stm32f10x_rcc.o(.ARM.exidx.text.RCC_RTCCLKConfig) refers to stm32f10x_rcc.o(.text.RCC_RTCCLKConfig) for [Anonymous Symbol]
    stm32f10x_rcc.o(.ARM.exidx.text.RCC_RTCCLKCmd) refers to stm32f10x_rcc.o(.text.RCC_RTCCLKCmd) for [Anonymous Symbol]
    stm32f10x_rcc.o(.text.RCC_GetClocksFreq) refers to stm32f10x_rcc.o(.rodata.APBAHBPrescTable) for APBAHBPrescTable
    stm32f10x_rcc.o(.text.RCC_GetClocksFreq) refers to stm32f10x_rcc.o(.rodata.ADCPrescTable) for ADCPrescTable
    stm32f10x_rcc.o(.ARM.exidx.text.RCC_GetClocksFreq) refers to stm32f10x_rcc.o(.text.RCC_GetClocksFreq) for [Anonymous Symbol]
    stm32f10x_rcc.o(.ARM.exidx.text.RCC_AHBPeriphClockCmd) refers to stm32f10x_rcc.o(.text.RCC_AHBPeriphClockCmd) for [Anonymous Symbol]
    stm32f10x_rcc.o(.ARM.exidx.text.RCC_APB2PeriphClockCmd) refers to stm32f10x_rcc.o(.text.RCC_APB2PeriphClockCmd) for [Anonymous Symbol]
    stm32f10x_rcc.o(.ARM.exidx.text.RCC_APB1PeriphClockCmd) refers to stm32f10x_rcc.o(.text.RCC_APB1PeriphClockCmd) for [Anonymous Symbol]
    stm32f10x_rcc.o(.ARM.exidx.text.RCC_APB2PeriphResetCmd) refers to stm32f10x_rcc.o(.text.RCC_APB2PeriphResetCmd) for [Anonymous Symbol]
    stm32f10x_rcc.o(.ARM.exidx.text.RCC_APB1PeriphResetCmd) refers to stm32f10x_rcc.o(.text.RCC_APB1PeriphResetCmd) for [Anonymous Symbol]
    stm32f10x_rcc.o(.ARM.exidx.text.RCC_BackupResetCmd) refers to stm32f10x_rcc.o(.text.RCC_BackupResetCmd) for [Anonymous Symbol]
    stm32f10x_rcc.o(.ARM.exidx.text.RCC_ClockSecuritySystemCmd) refers to stm32f10x_rcc.o(.text.RCC_ClockSecuritySystemCmd) for [Anonymous Symbol]
    stm32f10x_rcc.o(.ARM.exidx.text.RCC_MCOConfig) refers to stm32f10x_rcc.o(.text.RCC_MCOConfig) for [Anonymous Symbol]
    stm32f10x_rcc.o(.ARM.exidx.text.RCC_ClearFlag) refers to stm32f10x_rcc.o(.text.RCC_ClearFlag) for [Anonymous Symbol]
    stm32f10x_rcc.o(.ARM.exidx.text.RCC_GetITStatus) refers to stm32f10x_rcc.o(.text.RCC_GetITStatus) for [Anonymous Symbol]
    stm32f10x_rcc.o(.ARM.exidx.text.RCC_ClearITPendingBit) refers to stm32f10x_rcc.o(.text.RCC_ClearITPendingBit) for [Anonymous Symbol]
    startup_stm32f10x_hd.o(RESET) refers to startup_stm32f10x_hd.o(STACK) for __initial_sp
    startup_stm32f10x_hd.o(RESET) refers to startup_stm32f10x_hd.o(.text) for Reset_Handler
    startup_stm32f10x_hd.o(RESET) refers to sys_tick.o(.text.SysTick_Handler) for SysTick_Handler
    startup_stm32f10x_hd.o(.text) refers to system_stm32f10x.o(.text.SystemInit) for SystemInit
    startup_stm32f10x_hd.o(.text) refers to entry.o(.ARM.Collect$$$$00000000) for __main
    system_stm32f10x.o(.text.SystemInit) refers to system_stm32f10x.o(.text.SetSysClock) for SetSysClock
    system_stm32f10x.o(.ARM.exidx.text.SystemInit) refers to system_stm32f10x.o(.text.SystemInit) for [Anonymous Symbol]
    system_stm32f10x.o(.text.SetSysClock) refers to system_stm32f10x.o(.text.SetSysClockTo72) for SetSysClockTo72
    system_stm32f10x.o(.ARM.exidx.text.SetSysClock) refers to system_stm32f10x.o(.text.SetSysClock) for [Anonymous Symbol]
    system_stm32f10x.o(.text.SystemCoreClockUpdate) refers to system_stm32f10x.o(.data.SystemCoreClock) for SystemCoreClock
    system_stm32f10x.o(.text.SystemCoreClockUpdate) refers to system_stm32f10x.o(.rodata.AHBPrescTable) for AHBPrescTable
    system_stm32f10x.o(.ARM.exidx.text.SystemCoreClockUpdate) refers to system_stm32f10x.o(.text.SystemCoreClockUpdate) for [Anonymous Symbol]
    system_stm32f10x.o(.ARM.exidx.text.SetSysClockTo72) refers to system_stm32f10x.o(.text.SetSysClockTo72) for [Anonymous Symbol]
    entry.o(.ARM.Collect$$$$00000000) refers (Special) to entry10a.o(.ARM.Collect$$$$0000000D) for __rt_final_cpp
    entry.o(.ARM.Collect$$$$00000000) refers (Special) to entry11a.o(.ARM.Collect$$$$0000000F) for __rt_final_exit
    entry.o(.ARM.Collect$$$$00000000) refers (Special) to entry7b.o(.ARM.Collect$$$$00000008) for _main_clock
    entry.o(.ARM.Collect$$$$00000000) refers (Special) to entry8b.o(.ARM.Collect$$$$0000000A) for _main_cpp_init
    entry.o(.ARM.Collect$$$$00000000) refers (Special) to entry9a.o(.ARM.Collect$$$$0000000B) for _main_init
    entry.o(.ARM.Collect$$$$00000000) refers (Special) to entry5.o(.ARM.Collect$$$$00000004) for _main_scatterload
    entry.o(.ARM.Collect$$$$00000000) refers (Special) to entry2.o(.ARM.Collect$$$$00000001) for _main_stk
    dmul.o(.text) refers (Special) to iusefp.o(.text) for __I$use$fp
    dmul.o(.text) refers to depilogue.o(.text) for _double_epilogue
    dfltui.o(.text) refers (Special) to iusefp.o(.text) for __I$use$fp
    dfltui.o(.text) refers to depilogue.o(.text) for _double_epilogue
    dfixui.o(.text) refers (Special) to iusefp.o(.text) for __I$use$fp
    dfixui.o(.text) refers to llushr.o(.text) for __aeabi_llsr
    entry2.o(.ARM.Collect$$$$00000001) refers to entry2.o(.ARM.Collect$$$$00002712) for __lit__00000000
    entry2.o(.ARM.Collect$$$$00002712) refers to startup_stm32f10x_hd.o(STACK) for __initial_sp
    entry2.o(__vectab_stack_and_reset_area) refers to startup_stm32f10x_hd.o(STACK) for __initial_sp
    entry2.o(__vectab_stack_and_reset_area) refers to entry.o(.ARM.Collect$$$$00000000) for __main
    entry5.o(.ARM.Collect$$$$00000004) refers to init.o(.text) for __scatterload
    entry9a.o(.ARM.Collect$$$$0000000B) refers to main.o(.text.main) for main
    entry9b.o(.ARM.Collect$$$$0000000C) refers to main.o(.text.main) for main
    depilogue.o(.text) refers (Special) to iusefp.o(.text) for __I$use$fp
    depilogue.o(.text) refers to llshl.o(.text) for __aeabi_llsl
    depilogue.o(.text) refers to llushr.o(.text) for __aeabi_llsr
    init.o(.text) refers to entry5.o(.ARM.Collect$$$$00000004) for __main_after_scatterload


==============================================================================

Removing Unused input sections from the image.

    Removing image_data.o(.text), (0 bytes).
    Removing main.o(.text), (0 bytes).
    Removing main.o(.ARM.exidx.text.show_image), (8 bytes).
    Removing main.o(.ARM.exidx.text.main), (8 bytes).
    Removing main.o(.bss.buffer), (128 bytes).
    Removing main.o(.ARM.use_no_argv), (4 bytes).
    Removing dev_lcd.o(.text), (0 bytes).
    Removing dev_lcd.o(.ARM.exidx.text.LCD_WR_REG), (8 bytes).
    Removing dev_lcd.o(.ARM.exidx.text.LCD_WR_DATAX), (8 bytes).
    Removing dev_lcd.o(.ARM.exidx.text.LCD_RD_DATA), (8 bytes).
    Removing dev_lcd.o(.ARM.exidx.text.LCD_WriteReg), (8 bytes).
    Removing dev_lcd.o(.ARM.exidx.text.LCD_ReadReg), (8 bytes).
    Removing dev_lcd.o(.ARM.exidx.text.LCD_WriteRAM_Prepare), (8 bytes).
    Removing dev_lcd.o(.text.LCD_WriteRAM), (40 bytes).
    Removing dev_lcd.o(.ARM.exidx.text.LCD_WriteRAM), (8 bytes).
    Removing dev_lcd.o(.text.LCD_BGR2RGB), (16 bytes).
    Removing dev_lcd.o(.ARM.exidx.text.LCD_BGR2RGB), (8 bytes).
    Removing dev_lcd.o(.text.opt_delay), (2 bytes).
    Removing dev_lcd.o(.ARM.exidx.text.opt_delay), (8 bytes).
    Removing dev_lcd.o(.text.LCD_ReadPoint), (482 bytes).
    Removing dev_lcd.o(.ARM.exidx.text.LCD_ReadPoint), (8 bytes).
    Removing dev_lcd.o(.ARM.exidx.text.LCD_SetCursor), (8 bytes).
    Removing dev_lcd.o(.text.LCD_DisplayOn), (82 bytes).
    Removing dev_lcd.o(.ARM.exidx.text.LCD_DisplayOn), (8 bytes).
    Removing dev_lcd.o(.text.LCD_DisplayOff), (80 bytes).
    Removing dev_lcd.o(.ARM.exidx.text.LCD_DisplayOff), (8 bytes).
    Removing dev_lcd.o(.ARM.exidx.text.LCD_Scan_Dir), (8 bytes).
    Removing dev_lcd.o(.text.LCD_DrawPoint), (60 bytes).
    Removing dev_lcd.o(.ARM.exidx.text.LCD_DrawPoint), (8 bytes).
    Removing dev_lcd.o(.ARM.exidx.text.LCD_Fast_DrawPoint), (8 bytes).
    Removing dev_lcd.o(.ARM.exidx.text.LCD_SSD_BackLightSet), (8 bytes).
    Removing dev_lcd.o(.ARM.exidx.text.LCD_Display_Dir), (8 bytes).
    Removing dev_lcd.o(.text.LCD_Set_Window), (898 bytes).
    Removing dev_lcd.o(.ARM.exidx.text.LCD_Set_Window), (8 bytes).
    Removing dev_lcd.o(.ARM.exidx.text.LCD_Init), (8 bytes).
    Removing dev_lcd.o(.ARM.exidx.text.LCD_Clear), (8 bytes).
    Removing dev_lcd.o(.text.LCD_Fill), (212 bytes).
    Removing dev_lcd.o(.ARM.exidx.text.LCD_Fill), (8 bytes).
    Removing dev_lcd.o(.text.LCD_Color_Fill), (152 bytes).
    Removing dev_lcd.o(.ARM.exidx.text.LCD_Color_Fill), (8 bytes).
    Removing dev_lcd.o(.text.LCD_DrawLine), (176 bytes).
    Removing dev_lcd.o(.ARM.exidx.text.LCD_DrawLine), (8 bytes).
    Removing dev_lcd.o(.text.LCD_DrawRectangle), (60 bytes).
    Removing dev_lcd.o(.ARM.exidx.text.LCD_DrawRectangle), (8 bytes).
    Removing dev_lcd.o(.text.LCD_Draw_Circle), (250 bytes).
    Removing dev_lcd.o(.ARM.exidx.text.LCD_Draw_Circle), (8 bytes).
    Removing dev_lcd.o(.text.LCD_ShowChar), (246 bytes).
    Removing dev_lcd.o(.ARM.exidx.text.LCD_ShowChar), (8 bytes).
    Removing dev_lcd.o(.text.LCD_Pow), (18 bytes).
    Removing dev_lcd.o(.ARM.exidx.text.LCD_Pow), (8 bytes).
    Removing dev_lcd.o(.text.LCD_ShowNum), (142 bytes).
    Removing dev_lcd.o(.ARM.exidx.text.LCD_ShowNum), (8 bytes).
    Removing dev_lcd.o(.text.LCD_ShowxNum), (176 bytes).
    Removing dev_lcd.o(.ARM.exidx.text.LCD_ShowxNum), (8 bytes).
    Removing dev_lcd.o(.text.LCD_ShowString), (112 bytes).
    Removing dev_lcd.o(.ARM.exidx.text.LCD_ShowString), (8 bytes).
    Removing dev_lcd.o(.bss.POINT_COLOR), (2 bytes).
    Removing dev_lcd.o(.data.BACK_COLOR), (2 bytes).
    Removing dev_lcd.o(.rodata.asc2_1206), (1140 bytes).
    Removing dev_lcd.o(.rodata.asc2_1608), (1520 bytes).
    Removing dev_lcd.o(.rodata.asc2_2412), (3420 bytes).
    Removing dev_led.o(.text), (0 bytes).
    Removing dev_led.o(.ARM.exidx.text.dev_led_init), (8 bytes).
    Removing dev_led.o(.ARM.exidx.text.dev_led_enable), (8 bytes).
    Removing dev_led.o(.ARM.exidx.text.dev_led_disable), (8 bytes).
    Removing sys_base.o(.text), (0 bytes).
    Removing sys_base.o(.text.WFI_SET), (4 bytes).
    Removing sys_base.o(.ARM.exidx.text.WFI_SET), (8 bytes).
    Removing sys_base.o(.text.INTX_DISABLE), (4 bytes).
    Removing sys_base.o(.ARM.exidx.text.INTX_DISABLE), (8 bytes).
    Removing sys_base.o(.text.INTX_ENABLE), (4 bytes).
    Removing sys_base.o(.ARM.exidx.text.INTX_ENABLE), (8 bytes).
    Removing sys_tick.o(.text), (0 bytes).
    Removing sys_tick.o(.ARM.exidx.text.SysTick_Handler), (8 bytes).
    Removing sys_tick.o(.ARM.exidx.text.sys_tick_init), (8 bytes).
    Removing sys_tick.o(.ARM.exidx.text.sys_tick_get_tick), (8 bytes).
    Removing sys_tick.o(.ARM.exidx.text.sys_tick_wait_to), (8 bytes).
    Removing sys_tick.o(.ARM.exidx.text.sys_tick_calc_tick_us), (8 bytes).
    Removing sys_tick.o(.ARM.exidx.text.sys_tick_calc_tick_ms), (8 bytes).
    Removing sys_tick.o(.ARM.exidx.text.sys_tick_delay_us), (8 bytes).
    Removing sys_tick.o(.ARM.exidx.text.sys_tick_delay_ms), (8 bytes).
    Removing stm32f10x_gpio.o(.text), (0 bytes).
    Removing stm32f10x_gpio.o(.text.GPIO_DeInit), (128 bytes).
    Removing stm32f10x_gpio.o(.ARM.exidx.text.GPIO_DeInit), (8 bytes).
    Removing stm32f10x_gpio.o(.text.GPIO_AFIODeInit), (22 bytes).
    Removing stm32f10x_gpio.o(.ARM.exidx.text.GPIO_AFIODeInit), (8 bytes).
    Removing stm32f10x_gpio.o(.ARM.exidx.text.GPIO_Init), (8 bytes).
    Removing stm32f10x_gpio.o(.text.GPIO_StructInit), (14 bytes).
    Removing stm32f10x_gpio.o(.ARM.exidx.text.GPIO_StructInit), (8 bytes).
    Removing stm32f10x_gpio.o(.text.GPIO_ReadInputDataBit), (10 bytes).
    Removing stm32f10x_gpio.o(.ARM.exidx.text.GPIO_ReadInputDataBit), (8 bytes).
    Removing stm32f10x_gpio.o(.text.GPIO_ReadInputData), (6 bytes).
    Removing stm32f10x_gpio.o(.ARM.exidx.text.GPIO_ReadInputData), (8 bytes).
    Removing stm32f10x_gpio.o(.text.GPIO_ReadOutputDataBit), (10 bytes).
    Removing stm32f10x_gpio.o(.ARM.exidx.text.GPIO_ReadOutputDataBit), (8 bytes).
    Removing stm32f10x_gpio.o(.text.GPIO_ReadOutputData), (6 bytes).
    Removing stm32f10x_gpio.o(.ARM.exidx.text.GPIO_ReadOutputData), (8 bytes).
    Removing stm32f10x_gpio.o(.ARM.exidx.text.GPIO_SetBits), (8 bytes).
    Removing stm32f10x_gpio.o(.ARM.exidx.text.GPIO_ResetBits), (8 bytes).
    Removing stm32f10x_gpio.o(.text.GPIO_WriteBit), (16 bytes).
    Removing stm32f10x_gpio.o(.ARM.exidx.text.GPIO_WriteBit), (8 bytes).
    Removing stm32f10x_gpio.o(.text.GPIO_Write), (4 bytes).
    Removing stm32f10x_gpio.o(.ARM.exidx.text.GPIO_Write), (8 bytes).
    Removing stm32f10x_gpio.o(.text.GPIO_PinLockConfig), (16 bytes).
    Removing stm32f10x_gpio.o(.ARM.exidx.text.GPIO_PinLockConfig), (8 bytes).
    Removing stm32f10x_gpio.o(.text.GPIO_EventOutputConfig), (24 bytes).
    Removing stm32f10x_gpio.o(.ARM.exidx.text.GPIO_EventOutputConfig), (8 bytes).
    Removing stm32f10x_gpio.o(.text.GPIO_EventOutputCmd), (10 bytes).
    Removing stm32f10x_gpio.o(.ARM.exidx.text.GPIO_EventOutputCmd), (8 bytes).
    Removing stm32f10x_gpio.o(.ARM.exidx.text.GPIO_PinRemapConfig), (8 bytes).
    Removing stm32f10x_gpio.o(.text.GPIO_EXTILineConfig), (52 bytes).
    Removing stm32f10x_gpio.o(.ARM.exidx.text.GPIO_EXTILineConfig), (8 bytes).
    Removing stm32f10x_gpio.o(.text.GPIO_ETH_MediaInterfaceConfig), (10 bytes).
    Removing stm32f10x_gpio.o(.ARM.exidx.text.GPIO_ETH_MediaInterfaceConfig), (8 bytes).
    Removing stm32f10x_rcc.o(.text), (0 bytes).
    Removing stm32f10x_rcc.o(.text.RCC_DeInit), (66 bytes).
    Removing stm32f10x_rcc.o(.ARM.exidx.text.RCC_DeInit), (8 bytes).
    Removing stm32f10x_rcc.o(.text.RCC_HSEConfig), (56 bytes).
    Removing stm32f10x_rcc.o(.ARM.exidx.text.RCC_HSEConfig), (8 bytes).
    Removing stm32f10x_rcc.o(.text.RCC_WaitForHSEStartUp), (46 bytes).
    Removing stm32f10x_rcc.o(.ARM.exidx.text.RCC_WaitForHSEStartUp), (8 bytes).
    Removing stm32f10x_rcc.o(.text.RCC_GetFlagStatus), (44 bytes).
    Removing stm32f10x_rcc.o(.ARM.exidx.text.RCC_GetFlagStatus), (8 bytes).
    Removing stm32f10x_rcc.o(.text.RCC_AdjustHSICalibrationValue), (22 bytes).
    Removing stm32f10x_rcc.o(.ARM.exidx.text.RCC_AdjustHSICalibrationValue), (8 bytes).
    Removing stm32f10x_rcc.o(.text.RCC_HSICmd), (10 bytes).
    Removing stm32f10x_rcc.o(.ARM.exidx.text.RCC_HSICmd), (8 bytes).
    Removing stm32f10x_rcc.o(.text.RCC_PLLConfig), (22 bytes).
    Removing stm32f10x_rcc.o(.ARM.exidx.text.RCC_PLLConfig), (8 bytes).
    Removing stm32f10x_rcc.o(.text.RCC_PLLCmd), (10 bytes).
    Removing stm32f10x_rcc.o(.ARM.exidx.text.RCC_PLLCmd), (8 bytes).
    Removing stm32f10x_rcc.o(.text.RCC_SYSCLKConfig), (20 bytes).
    Removing stm32f10x_rcc.o(.ARM.exidx.text.RCC_SYSCLKConfig), (8 bytes).
    Removing stm32f10x_rcc.o(.text.RCC_GetSYSCLKSource), (16 bytes).
    Removing stm32f10x_rcc.o(.ARM.exidx.text.RCC_GetSYSCLKSource), (8 bytes).
    Removing stm32f10x_rcc.o(.text.RCC_HCLKConfig), (20 bytes).
    Removing stm32f10x_rcc.o(.ARM.exidx.text.RCC_HCLKConfig), (8 bytes).
    Removing stm32f10x_rcc.o(.text.RCC_PCLK1Config), (20 bytes).
    Removing stm32f10x_rcc.o(.ARM.exidx.text.RCC_PCLK1Config), (8 bytes).
    Removing stm32f10x_rcc.o(.text.RCC_PCLK2Config), (22 bytes).
    Removing stm32f10x_rcc.o(.ARM.exidx.text.RCC_PCLK2Config), (8 bytes).
    Removing stm32f10x_rcc.o(.text.RCC_ITConfig), (24 bytes).
    Removing stm32f10x_rcc.o(.ARM.exidx.text.RCC_ITConfig), (8 bytes).
    Removing stm32f10x_rcc.o(.text.RCC_USBCLKConfig), (10 bytes).
    Removing stm32f10x_rcc.o(.ARM.exidx.text.RCC_USBCLKConfig), (8 bytes).
    Removing stm32f10x_rcc.o(.text.RCC_ADCCLKConfig), (20 bytes).
    Removing stm32f10x_rcc.o(.ARM.exidx.text.RCC_ADCCLKConfig), (8 bytes).
    Removing stm32f10x_rcc.o(.text.RCC_LSEConfig), (38 bytes).
    Removing stm32f10x_rcc.o(.ARM.exidx.text.RCC_LSEConfig), (8 bytes).
    Removing stm32f10x_rcc.o(.text.RCC_LSICmd), (12 bytes).
    Removing stm32f10x_rcc.o(.ARM.exidx.text.RCC_LSICmd), (8 bytes).
    Removing stm32f10x_rcc.o(.text.RCC_RTCCLKConfig), (16 bytes).
    Removing stm32f10x_rcc.o(.ARM.exidx.text.RCC_RTCCLKConfig), (8 bytes).
    Removing stm32f10x_rcc.o(.text.RCC_RTCCLKCmd), (12 bytes).
    Removing stm32f10x_rcc.o(.ARM.exidx.text.RCC_RTCCLKCmd), (8 bytes).
    Removing stm32f10x_rcc.o(.text.RCC_GetClocksFreq), (154 bytes).
    Removing stm32f10x_rcc.o(.ARM.exidx.text.RCC_GetClocksFreq), (8 bytes).
    Removing stm32f10x_rcc.o(.text.RCC_AHBPeriphClockCmd), (24 bytes).
    Removing stm32f10x_rcc.o(.ARM.exidx.text.RCC_AHBPeriphClockCmd), (8 bytes).
    Removing stm32f10x_rcc.o(.ARM.exidx.text.RCC_APB2PeriphClockCmd), (8 bytes).
    Removing stm32f10x_rcc.o(.text.RCC_APB1PeriphClockCmd), (24 bytes).
    Removing stm32f10x_rcc.o(.ARM.exidx.text.RCC_APB1PeriphClockCmd), (8 bytes).
    Removing stm32f10x_rcc.o(.text.RCC_APB2PeriphResetCmd), (24 bytes).
    Removing stm32f10x_rcc.o(.ARM.exidx.text.RCC_APB2PeriphResetCmd), (8 bytes).
    Removing stm32f10x_rcc.o(.text.RCC_APB1PeriphResetCmd), (24 bytes).
    Removing stm32f10x_rcc.o(.ARM.exidx.text.RCC_APB1PeriphResetCmd), (8 bytes).
    Removing stm32f10x_rcc.o(.text.RCC_BackupResetCmd), (12 bytes).
    Removing stm32f10x_rcc.o(.ARM.exidx.text.RCC_BackupResetCmd), (8 bytes).
    Removing stm32f10x_rcc.o(.text.RCC_ClockSecuritySystemCmd), (10 bytes).
    Removing stm32f10x_rcc.o(.ARM.exidx.text.RCC_ClockSecuritySystemCmd), (8 bytes).
    Removing stm32f10x_rcc.o(.text.RCC_MCOConfig), (12 bytes).
    Removing stm32f10x_rcc.o(.ARM.exidx.text.RCC_MCOConfig), (8 bytes).
    Removing stm32f10x_rcc.o(.text.RCC_ClearFlag), (18 bytes).
    Removing stm32f10x_rcc.o(.ARM.exidx.text.RCC_ClearFlag), (8 bytes).
    Removing stm32f10x_rcc.o(.text.RCC_GetITStatus), (18 bytes).
    Removing stm32f10x_rcc.o(.ARM.exidx.text.RCC_GetITStatus), (8 bytes).
    Removing stm32f10x_rcc.o(.text.RCC_ClearITPendingBit), (12 bytes).
    Removing stm32f10x_rcc.o(.ARM.exidx.text.RCC_ClearITPendingBit), (8 bytes).
    Removing stm32f10x_rcc.o(.rodata.APBAHBPrescTable), (16 bytes).
    Removing stm32f10x_rcc.o(.rodata.ADCPrescTable), (4 bytes).
    Removing startup_stm32f10x_hd.o(HEAP), (512 bytes).
    Removing system_stm32f10x.o(.text), (0 bytes).
    Removing system_stm32f10x.o(.ARM.exidx.text.SystemInit), (8 bytes).
    Removing system_stm32f10x.o(.ARM.exidx.text.SetSysClock), (8 bytes).
    Removing system_stm32f10x.o(.text.SystemCoreClockUpdate), (104 bytes).
    Removing system_stm32f10x.o(.ARM.exidx.text.SystemCoreClockUpdate), (8 bytes).
    Removing system_stm32f10x.o(.ARM.exidx.text.SetSysClockTo72), (8 bytes).
    Removing system_stm32f10x.o(.data.SystemCoreClock), (4 bytes).
    Removing system_stm32f10x.o(.rodata.AHBPrescTable), (16 bytes).

189 unused section(s) (total 12062 bytes) removed from the image.

==============================================================================

Image Symbol Table

    Local Symbols

    Symbol Name                              Value     Ov Type        Size  Object(Section)

    ../clib/microlib/init/entry.s            0x00000000   Number         0  entry7a.o ABSOLUTE
    ../clib/microlib/init/entry.s            0x00000000   Number         0  entry7b.o ABSOLUTE
    ../clib/microlib/init/entry.s            0x00000000   Number         0  entry.o ABSOLUTE
    ../clib/microlib/init/entry.s            0x00000000   Number         0  entry11b.o ABSOLUTE
    ../clib/microlib/init/entry.s            0x00000000   Number         0  entry11a.o ABSOLUTE
    ../clib/microlib/init/entry.s            0x00000000   Number         0  entry10b.o ABSOLUTE
    ../clib/microlib/init/entry.s            0x00000000   Number         0  entry10a.o ABSOLUTE
    ../clib/microlib/init/entry.s            0x00000000   Number         0  entry9b.o ABSOLUTE
    ../clib/microlib/init/entry.s            0x00000000   Number         0  entry2.o ABSOLUTE
    ../clib/microlib/init/entry.s            0x00000000   Number         0  entry8a.o ABSOLUTE
    ../clib/microlib/init/entry.s            0x00000000   Number         0  entry9a.o ABSOLUTE
    ../clib/microlib/init/entry.s            0x00000000   Number         0  entry5.o ABSOLUTE
    ../clib/microlib/init/entry.s            0x00000000   Number         0  entry8b.o ABSOLUTE
    ../clib/microlib/longlong.c              0x00000000   Number         0  llshl.o ABSOLUTE
    ../clib/microlib/longlong.c              0x00000000   Number         0  llushr.o ABSOLUTE
    ../clib/microlib/stubs.s                 0x00000000   Number         0  iusefp.o ABSOLUTE
    ../fplib/microlib/fpepilogue.c           0x00000000   Number         0  depilogue.o ABSOLUTE
    ../fplib/microlib/fpfix.c                0x00000000   Number         0  dfixui.o ABSOLUTE
    ../fplib/microlib/fpflt.c                0x00000000   Number         0  dfltui.o ABSOLUTE
    ../fplib/microlib/fpmul.c                0x00000000   Number         0  dmul.o ABSOLUTE
    D:/SoftWare/MDK5/ARM/PACK/Keil/STM32F1xx_DFP/2.2.0/Device/StdPeriph_Driver/src/stm32f10x_gpio.c 0x00000000   Number         0  stm32f10x_gpio.o ABSOLUTE
    D:/SoftWare/MDK5/ARM/PACK/Keil/STM32F1xx_DFP/2.2.0/Device/StdPeriph_Driver/src/stm32f10x_rcc.c 0x00000000   Number         0  stm32f10x_rcc.o ABSOLUTE
    RTE/Device/STM32F103RC/system_stm32f10x.c 0x00000000   Number         0  system_stm32f10x.o ABSOLUTE
    RTE\Device\STM32F103RC\startup_stm32f10x_hd.s 0x00000000   Number         0  startup_stm32f10x_hd.o ABSOLUTE
    dc.s                                     0x00000000   Number         0  dc.o ABSOLUTE
    handlers.s                               0x00000000   Number         0  handlers.o ABSOLUTE
    init.s                                   0x00000000   Number         0  init.o ABSOLUTE
    src/dev/dev_lcd.c                        0x00000000   Number         0  dev_lcd.o ABSOLUTE
    src/dev/dev_led.c                        0x00000000   Number         0  dev_led.o ABSOLUTE
    src/image_data.c                         0x00000000   Number         0  image_data.o ABSOLUTE
    src/main.c                               0x00000000   Number         0  main.o ABSOLUTE
    src/sys/sys_base.c                       0x00000000   Number         0  sys_base.o ABSOLUTE
    src/sys/sys_tick.c                       0x00000000   Number         0  sys_tick.o ABSOLUTE
    RESET                                    0x08000000   Section      304  startup_stm32f10x_hd.o(RESET)
    .ARM.Collect$$$$00000000                 0x08000130   Section        0  entry.o(.ARM.Collect$$$$00000000)
    .ARM.Collect$$$$00000001                 0x08000130   Section        4  entry2.o(.ARM.Collect$$$$00000001)
    .ARM.Collect$$$$00000004                 0x08000134   Section        4  entry5.o(.ARM.Collect$$$$00000004)
    .ARM.Collect$$$$00000008                 0x08000138   Section        0  entry7b.o(.ARM.Collect$$$$00000008)
    .ARM.Collect$$$$0000000A                 0x08000138   Section        0  entry8b.o(.ARM.Collect$$$$0000000A)
    .ARM.Collect$$$$0000000B                 0x08000138   Section        8  entry9a.o(.ARM.Collect$$$$0000000B)
    .ARM.Collect$$$$0000000D                 0x08000140   Section        0  entry10a.o(.ARM.Collect$$$$0000000D)
    .ARM.Collect$$$$0000000F                 0x08000140   Section        0  entry11a.o(.ARM.Collect$$$$0000000F)
    .ARM.Collect$$$$00002712                 0x08000140   Section        4  entry2.o(.ARM.Collect$$$$00002712)
    __lit__00000000                          0x08000140   Data           4  entry2.o(.ARM.Collect$$$$00002712)
    .text                                    0x08000144   Section       36  startup_stm32f10x_hd.o(.text)
    .text                                    0x08000168   Section        0  dmul.o(.text)
    .text                                    0x0800024c   Section        0  dfltui.o(.text)
    .text                                    0x08000266   Section        0  dfixui.o(.text)
    .text                                    0x08000298   Section        0  llushr.o(.text)
    .text                                    0x080002b8   Section        0  depilogue.o(.text)
    .text                                    0x080002b8   Section        0  iusefp.o(.text)
    .text                                    0x08000374   Section       36  init.o(.text)
    .text                                    0x08000398   Section        0  llshl.o(.text)
    [Anonymous Symbol]                       0x080003b8   Section        0  stm32f10x_gpio.o(.text.GPIO_Init)
    [Anonymous Symbol]                       0x08000470   Section        0  stm32f10x_gpio.o(.text.GPIO_PinRemapConfig)
    [Anonymous Symbol]                       0x080004dc   Section        0  stm32f10x_gpio.o(.text.GPIO_ResetBits)
    [Anonymous Symbol]                       0x080004e0   Section        0  stm32f10x_gpio.o(.text.GPIO_SetBits)
    [Anonymous Symbol]                       0x080004e4   Section        0  dev_lcd.o(.text.LCD_Clear)
    [Anonymous Symbol]                       0x08000570   Section        0  dev_lcd.o(.text.LCD_Display_Dir)
    [Anonymous Symbol]                       0x080006cc   Section        0  dev_lcd.o(.text.LCD_Fast_DrawPoint)
    [Anonymous Symbol]                       0x080009cc   Section        0  dev_lcd.o(.text.LCD_Init)
    [Anonymous Symbol]                       0x08004624   Section        0  dev_lcd.o(.text.LCD_RD_DATA)
    [Anonymous Symbol]                       0x080046b4   Section        0  dev_lcd.o(.text.LCD_ReadReg)
    [Anonymous Symbol]                       0x080046c4   Section        0  dev_lcd.o(.text.LCD_SSD_BackLightSet)
    [Anonymous Symbol]                       0x08004774   Section        0  dev_lcd.o(.text.LCD_Scan_Dir)
    [Anonymous Symbol]                       0x08004ae0   Section        0  dev_lcd.o(.text.LCD_SetCursor)
    [Anonymous Symbol]                       0x08004d78   Section        0  dev_lcd.o(.text.LCD_WR_DATAX)
    [Anonymous Symbol]                       0x08004da0   Section        0  dev_lcd.o(.text.LCD_WR_REG)
    [Anonymous Symbol]                       0x08004dcc   Section        0  dev_lcd.o(.text.LCD_WriteRAM_Prepare)
    [Anonymous Symbol]                       0x08004ddc   Section        0  dev_lcd.o(.text.LCD_WriteReg)
    [Anonymous Symbol]                       0x08004e0c   Section        0  stm32f10x_rcc.o(.text.RCC_APB2PeriphClockCmd)
    [Anonymous Symbol]                       0x08004e24   Section        0  system_stm32f10x.o(.text.SetSysClock)
    SetSysClock                              0x08004e25   Thumb Code     4  system_stm32f10x.o(.text.SetSysClock)
    [Anonymous Symbol]                       0x08004e28   Section        0  system_stm32f10x.o(.text.SetSysClockTo72)
    SetSysClockTo72                          0x08004e29   Thumb Code   202  system_stm32f10x.o(.text.SetSysClockTo72)
    [Anonymous Symbol]                       0x08004ef4   Section        0  sys_tick.o(.text.SysTick_Handler)
    [Anonymous Symbol]                       0x08004f24   Section        0  system_stm32f10x.o(.text.SystemInit)
    [Anonymous Symbol]                       0x08004f7c   Section        0  dev_led.o(.text.dev_led_disable)
    [Anonymous Symbol]                       0x08004fa4   Section        0  dev_led.o(.text.dev_led_enable)
    [Anonymous Symbol]                       0x08004fcc   Section        0  dev_led.o(.text.dev_led_init)
    [Anonymous Symbol]                       0x08005028   Section        0  main.o(.text.main)
    [Anonymous Symbol]                       0x08005078   Section        0  main.o(.text.show_image)
    [Anonymous Symbol]                       0x080050b8   Section        0  sys_tick.o(.text.sys_tick_calc_tick_ms)
    [Anonymous Symbol]                       0x080050c0   Section        0  sys_tick.o(.text.sys_tick_calc_tick_us)
    [Anonymous Symbol]                       0x080050c8   Section        0  sys_tick.o(.text.sys_tick_delay_ms)
    [Anonymous Symbol]                       0x080050e4   Section        0  sys_tick.o(.text.sys_tick_delay_us)
    [Anonymous Symbol]                       0x08005108   Section        0  sys_tick.o(.text.sys_tick_get_tick)
    [Anonymous Symbol]                       0x08005134   Section        0  sys_tick.o(.text.sys_tick_init)
    [Anonymous Symbol]                       0x08005160   Section        0  sys_tick.o(.text.sys_tick_wait_to)
    i.__scatterload_copy                     0x08005176   Section       14  handlers.o(i.__scatterload_copy)
    i.__scatterload_null                     0x08005184   Section        2  handlers.o(i.__scatterload_null)
    i.__scatterload_zeroinit                 0x08005186   Section       14  handlers.o(i.__scatterload_zeroinit)
    [Anonymous Symbol]                       0x20000010   Section        0  sys_tick.o(.bss.tick_high)
    tick_high                                0x20000010   Data           4  sys_tick.o(.bss.tick_high)
    [Anonymous Symbol]                       0x20000014   Section        0  sys_tick.o(.bss.tick_low)
    tick_low                                 0x20000014   Data           4  sys_tick.o(.bss.tick_low)
    STACK                                    0x20000018   Section     1024  startup_stm32f10x_hd.o(STACK)

    Global Symbols

    Symbol Name                              Value     Ov Type        Size  Object(Section)

    BuildAttributes$$THM_ISAv4$P$D$K$B$S$PE$A:L22UL41UL21$X:L11$S22US41US21$IEEE1$IW$~IW$USESV6$~STKCKD$USESV7$~SHL$OTIME$ROPI$EBA8$MICROLIB$REQ8$PRES8$EABIv2 0x00000000   Number         0  anon$$obj.o ABSOLUTE
    __cpp_initialize__aeabi_                  - Undefined Weak Reference
    __cxa_finalize                            - Undefined Weak Reference
    __decompress                              - Undefined Weak Reference
    _clock_init                               - Undefined Weak Reference
    _microlib_exit                            - Undefined Weak Reference
    __Vectors_Size                           0x00000130   Number         0  startup_stm32f10x_hd.o ABSOLUTE
    __Vectors                                0x08000000   Data           4  startup_stm32f10x_hd.o(RESET)
    __Vectors_End                            0x08000130   Data           0  startup_stm32f10x_hd.o(RESET)
    __main                                   0x08000131   Thumb Code     0  entry.o(.ARM.Collect$$$$00000000)
    _main_stk                                0x08000131   Thumb Code     0  entry2.o(.ARM.Collect$$$$00000001)
    _main_scatterload                        0x08000135   Thumb Code     0  entry5.o(.ARM.Collect$$$$00000004)
    __main_after_scatterload                 0x08000139   Thumb Code     0  entry5.o(.ARM.Collect$$$$00000004)
    _main_clock                              0x08000139   Thumb Code     0  entry7b.o(.ARM.Collect$$$$00000008)
    _main_cpp_init                           0x08000139   Thumb Code     0  entry8b.o(.ARM.Collect$$$$0000000A)
    _main_init                               0x08000139   Thumb Code     0  entry9a.o(.ARM.Collect$$$$0000000B)
    __rt_final_cpp                           0x08000141   Thumb Code     0  entry10a.o(.ARM.Collect$$$$0000000D)
    __rt_final_exit                          0x08000141   Thumb Code     0  entry11a.o(.ARM.Collect$$$$0000000F)
    Reset_Handler                            0x08000145   Thumb Code     8  startup_stm32f10x_hd.o(.text)
    NMI_Handler                              0x0800014d   Thumb Code     2  startup_stm32f10x_hd.o(.text)
    HardFault_Handler                        0x0800014f   Thumb Code     2  startup_stm32f10x_hd.o(.text)
    MemManage_Handler                        0x08000151   Thumb Code     2  startup_stm32f10x_hd.o(.text)
    BusFault_Handler                         0x08000153   Thumb Code     2  startup_stm32f10x_hd.o(.text)
    UsageFault_Handler                       0x08000155   Thumb Code     2  startup_stm32f10x_hd.o(.text)
    SVC_Handler                              0x08000157   Thumb Code     2  startup_stm32f10x_hd.o(.text)
    DebugMon_Handler                         0x08000159   Thumb Code     2  startup_stm32f10x_hd.o(.text)
    PendSV_Handler                           0x0800015b   Thumb Code     2  startup_stm32f10x_hd.o(.text)
    ADC1_2_IRQHandler                        0x0800015f   Thumb Code     0  startup_stm32f10x_hd.o(.text)
    ADC3_IRQHandler                          0x0800015f   Thumb Code     0  startup_stm32f10x_hd.o(.text)
    CAN1_RX1_IRQHandler                      0x0800015f   Thumb Code     0  startup_stm32f10x_hd.o(.text)
    CAN1_SCE_IRQHandler                      0x0800015f   Thumb Code     0  startup_stm32f10x_hd.o(.text)
    DMA1_Channel1_IRQHandler                 0x0800015f   Thumb Code     0  startup_stm32f10x_hd.o(.text)
    DMA1_Channel2_IRQHandler                 0x0800015f   Thumb Code     0  startup_stm32f10x_hd.o(.text)
    DMA1_Channel3_IRQHandler                 0x0800015f   Thumb Code     0  startup_stm32f10x_hd.o(.text)
    DMA1_Channel4_IRQHandler                 0x0800015f   Thumb Code     0  startup_stm32f10x_hd.o(.text)
    DMA1_Channel5_IRQHandler                 0x0800015f   Thumb Code     0  startup_stm32f10x_hd.o(.text)
    DMA1_Channel6_IRQHandler                 0x0800015f   Thumb Code     0  startup_stm32f10x_hd.o(.text)
    DMA1_Channel7_IRQHandler                 0x0800015f   Thumb Code     0  startup_stm32f10x_hd.o(.text)
    DMA2_Channel1_IRQHandler                 0x0800015f   Thumb Code     0  startup_stm32f10x_hd.o(.text)
    DMA2_Channel2_IRQHandler                 0x0800015f   Thumb Code     0  startup_stm32f10x_hd.o(.text)
    DMA2_Channel3_IRQHandler                 0x0800015f   Thumb Code     0  startup_stm32f10x_hd.o(.text)
    DMA2_Channel4_5_IRQHandler               0x0800015f   Thumb Code     0  startup_stm32f10x_hd.o(.text)
    EXTI0_IRQHandler                         0x0800015f   Thumb Code     0  startup_stm32f10x_hd.o(.text)
    EXTI15_10_IRQHandler                     0x0800015f   Thumb Code     0  startup_stm32f10x_hd.o(.text)
    EXTI1_IRQHandler                         0x0800015f   Thumb Code     0  startup_stm32f10x_hd.o(.text)
    EXTI2_IRQHandler                         0x0800015f   Thumb Code     0  startup_stm32f10x_hd.o(.text)
    EXTI3_IRQHandler                         0x0800015f   Thumb Code     0  startup_stm32f10x_hd.o(.text)
    EXTI4_IRQHandler                         0x0800015f   Thumb Code     0  startup_stm32f10x_hd.o(.text)
    EXTI9_5_IRQHandler                       0x0800015f   Thumb Code     0  startup_stm32f10x_hd.o(.text)
    FLASH_IRQHandler                         0x0800015f   Thumb Code     0  startup_stm32f10x_hd.o(.text)
    FSMC_IRQHandler                          0x0800015f   Thumb Code     0  startup_stm32f10x_hd.o(.text)
    I2C1_ER_IRQHandler                       0x0800015f   Thumb Code     0  startup_stm32f10x_hd.o(.text)
    I2C1_EV_IRQHandler                       0x0800015f   Thumb Code     0  startup_stm32f10x_hd.o(.text)
    I2C2_ER_IRQHandler                       0x0800015f   Thumb Code     0  startup_stm32f10x_hd.o(.text)
    I2C2_EV_IRQHandler                       0x0800015f   Thumb Code     0  startup_stm32f10x_hd.o(.text)
    PVD_IRQHandler                           0x0800015f   Thumb Code     0  startup_stm32f10x_hd.o(.text)
    RCC_IRQHandler                           0x0800015f   Thumb Code     0  startup_stm32f10x_hd.o(.text)
    RTCAlarm_IRQHandler                      0x0800015f   Thumb Code     0  startup_stm32f10x_hd.o(.text)
    RTC_IRQHandler                           0x0800015f   Thumb Code     0  startup_stm32f10x_hd.o(.text)
    SDIO_IRQHandler                          0x0800015f   Thumb Code     0  startup_stm32f10x_hd.o(.text)
    SPI1_IRQHandler                          0x0800015f   Thumb Code     0  startup_stm32f10x_hd.o(.text)
    SPI2_IRQHandler                          0x0800015f   Thumb Code     0  startup_stm32f10x_hd.o(.text)
    SPI3_IRQHandler                          0x0800015f   Thumb Code     0  startup_stm32f10x_hd.o(.text)
    TAMPER_IRQHandler                        0x0800015f   Thumb Code     0  startup_stm32f10x_hd.o(.text)
    TIM1_BRK_IRQHandler                      0x0800015f   Thumb Code     0  startup_stm32f10x_hd.o(.text)
    TIM1_CC_IRQHandler                       0x0800015f   Thumb Code     0  startup_stm32f10x_hd.o(.text)
    TIM1_TRG_COM_IRQHandler                  0x0800015f   Thumb Code     0  startup_stm32f10x_hd.o(.text)
    TIM1_UP_IRQHandler                       0x0800015f   Thumb Code     0  startup_stm32f10x_hd.o(.text)
    TIM2_IRQHandler                          0x0800015f   Thumb Code     0  startup_stm32f10x_hd.o(.text)
    TIM3_IRQHandler                          0x0800015f   Thumb Code     0  startup_stm32f10x_hd.o(.text)
    TIM4_IRQHandler                          0x0800015f   Thumb Code     0  startup_stm32f10x_hd.o(.text)
    TIM5_IRQHandler                          0x0800015f   Thumb Code     0  startup_stm32f10x_hd.o(.text)
    TIM6_IRQHandler                          0x0800015f   Thumb Code     0  startup_stm32f10x_hd.o(.text)
    TIM7_IRQHandler                          0x0800015f   Thumb Code     0  startup_stm32f10x_hd.o(.text)
    TIM8_BRK_IRQHandler                      0x0800015f   Thumb Code     0  startup_stm32f10x_hd.o(.text)
    TIM8_CC_IRQHandler                       0x0800015f   Thumb Code     0  startup_stm32f10x_hd.o(.text)
    TIM8_TRG_COM_IRQHandler                  0x0800015f   Thumb Code     0  startup_stm32f10x_hd.o(.text)
    TIM8_UP_IRQHandler                       0x0800015f   Thumb Code     0  startup_stm32f10x_hd.o(.text)
    UART4_IRQHandler                         0x0800015f   Thumb Code     0  startup_stm32f10x_hd.o(.text)
    UART5_IRQHandler                         0x0800015f   Thumb Code     0  startup_stm32f10x_hd.o(.text)
    USART1_IRQHandler                        0x0800015f   Thumb Code     0  startup_stm32f10x_hd.o(.text)
    USART2_IRQHandler                        0x0800015f   Thumb Code     0  startup_stm32f10x_hd.o(.text)
    USART3_IRQHandler                        0x0800015f   Thumb Code     0  startup_stm32f10x_hd.o(.text)
    USBWakeUp_IRQHandler                     0x0800015f   Thumb Code     0  startup_stm32f10x_hd.o(.text)
    USB_HP_CAN1_TX_IRQHandler                0x0800015f   Thumb Code     0  startup_stm32f10x_hd.o(.text)
    USB_LP_CAN1_RX0_IRQHandler               0x0800015f   Thumb Code     0  startup_stm32f10x_hd.o(.text)
    WWDG_IRQHandler                          0x0800015f   Thumb Code     0  startup_stm32f10x_hd.o(.text)
    __aeabi_dmul                             0x08000169   Thumb Code   228  dmul.o(.text)
    __aeabi_ui2d                             0x0800024d   Thumb Code    26  dfltui.o(.text)
    __aeabi_d2uiz                            0x08000267   Thumb Code    50  dfixui.o(.text)
    __aeabi_llsr                             0x08000299   Thumb Code    32  llushr.o(.text)
    _ll_ushift_r                             0x08000299   Thumb Code     0  llushr.o(.text)
    __I$use$fp                               0x080002b9   Thumb Code     0  iusefp.o(.text)
    _double_round                            0x080002b9   Thumb Code    30  depilogue.o(.text)
    _double_epilogue                         0x080002d7   Thumb Code   156  depilogue.o(.text)
    __scatterload                            0x08000375   Thumb Code    28  init.o(.text)
    __scatterload_rt2                        0x08000375   Thumb Code     0  init.o(.text)
    __aeabi_llsl                             0x08000399   Thumb Code    30  llshl.o(.text)
    _ll_shift_l                              0x08000399   Thumb Code     0  llshl.o(.text)
    GPIO_Init                                0x080003b9   Thumb Code   184  stm32f10x_gpio.o(.text.GPIO_Init)
    GPIO_PinRemapConfig                      0x08000471   Thumb Code   106  stm32f10x_gpio.o(.text.GPIO_PinRemapConfig)
    GPIO_ResetBits                           0x080004dd   Thumb Code     4  stm32f10x_gpio.o(.text.GPIO_ResetBits)
    GPIO_SetBits                             0x080004e1   Thumb Code     4  stm32f10x_gpio.o(.text.GPIO_SetBits)
    LCD_Clear                                0x080004e5   Thumb Code   138  dev_lcd.o(.text.LCD_Clear)
    LCD_Display_Dir                          0x08000571   Thumb Code   348  dev_lcd.o(.text.LCD_Display_Dir)
    LCD_Fast_DrawPoint                       0x080006cd   Thumb Code   768  dev_lcd.o(.text.LCD_Fast_DrawPoint)
    LCD_Init                                 0x080009cd   Thumb Code 15448  dev_lcd.o(.text.LCD_Init)
    LCD_RD_DATA                              0x08004625   Thumb Code   142  dev_lcd.o(.text.LCD_RD_DATA)
    LCD_ReadReg                              0x080046b5   Thumb Code    14  dev_lcd.o(.text.LCD_ReadReg)
    LCD_SSD_BackLightSet                     0x080046c5   Thumb Code   176  dev_lcd.o(.text.LCD_SSD_BackLightSet)
    LCD_Scan_Dir                             0x08004775   Thumb Code   874  dev_lcd.o(.text.LCD_Scan_Dir)
    LCD_SetCursor                            0x08004ae1   Thumb Code   664  dev_lcd.o(.text.LCD_SetCursor)
    LCD_WR_DATAX                             0x08004d79   Thumb Code    40  dev_lcd.o(.text.LCD_WR_DATAX)
    LCD_WR_REG                               0x08004da1   Thumb Code    44  dev_lcd.o(.text.LCD_WR_REG)
    LCD_WriteRAM_Prepare                     0x08004dcd   Thumb Code    14  dev_lcd.o(.text.LCD_WriteRAM_Prepare)
    LCD_WriteReg                             0x08004ddd   Thumb Code    48  dev_lcd.o(.text.LCD_WriteReg)
    RCC_APB2PeriphClockCmd                   0x08004e0d   Thumb Code    24  stm32f10x_rcc.o(.text.RCC_APB2PeriphClockCmd)
    SysTick_Handler                          0x08004ef5   Thumb Code    46  sys_tick.o(.text.SysTick_Handler)
    SystemInit                               0x08004f25   Thumb Code    86  system_stm32f10x.o(.text.SystemInit)
    dev_led_disable                          0x08004f7d   Thumb Code    38  dev_led.o(.text.dev_led_disable)
    dev_led_enable                           0x08004fa5   Thumb Code    38  dev_led.o(.text.dev_led_enable)
    dev_led_init                             0x08004fcd   Thumb Code    90  dev_led.o(.text.dev_led_init)
    main                                     0x08005029   Thumb Code    78  main.o(.text.main)
    show_image                               0x08005079   Thumb Code    62  main.o(.text.show_image)
    sys_tick_calc_tick_ms                    0x080050b9   Thumb Code     8  sys_tick.o(.text.sys_tick_calc_tick_ms)
    sys_tick_calc_tick_us                    0x080050c1   Thumb Code     6  sys_tick.o(.text.sys_tick_calc_tick_us)
    sys_tick_delay_ms                        0x080050c9   Thumb Code    26  sys_tick.o(.text.sys_tick_delay_ms)
    sys_tick_delay_us                        0x080050e5   Thumb Code    34  sys_tick.o(.text.sys_tick_delay_us)
    sys_tick_get_tick                        0x08005109   Thumb Code    42  sys_tick.o(.text.sys_tick_get_tick)
    sys_tick_init                            0x08005135   Thumb Code    42  sys_tick.o(.text.sys_tick_init)
    sys_tick_wait_to                         0x08005161   Thumb Code    22  sys_tick.o(.text.sys_tick_wait_to)
    __scatterload_copy                       0x08005177   Thumb Code    14  handlers.o(i.__scatterload_copy)
    __scatterload_null                       0x08005185   Thumb Code     2  handlers.o(i.__scatterload_null)
    __scatterload_zeroinit                   0x08005187   Thumb Code    14  handlers.o(i.__scatterload_zeroinit)
    image_data                               0x08005194   Data       38400  image_data.o(.rodata.image_data)
    Region$$Table$$Base                      0x0800e794   Number         0  anon$$obj.o(Region$$Table)
    Region$$Table$$Limit                     0x0800e7a4   Number         0  anon$$obj.o(Region$$Table)
    lcddev                                   0x20000000   Data          14  dev_lcd.o(.bss.lcddev)
    __initial_sp                             0x20000418   Data           0  startup_stm32f10x_hd.o(STACK)



==============================================================================

Memory Map of the image

  Image Entry point : 0x08000131

  Load Region LR_IROM1 (Base: 0x08000000, Size: 0x0000e7a4, Max: 0x00040000, ABSOLUTE)

    Execution Region ER_IROM1 (Exec base: 0x08000000, Load base: 0x08000000, Size: 0x0000e7a4, Max: 0x00040000, ABSOLUTE)

    Exec Addr    Load Addr    Size         Type   Attr      Idx    E Section Name        Object

    0x08000000   0x08000000   0x00000130   Data   RO          296    RESET               startup_stm32f10x_hd.o
    0x08000130   0x08000130   0x00000000   Code   RO          324  * .ARM.Collect$$$$00000000  mc_w.l(entry.o)
    0x08000130   0x08000130   0x00000004   Code   RO          333    .ARM.Collect$$$$00000001  mc_w.l(entry2.o)
    0x08000134   0x08000134   0x00000004   Code   RO          336    .ARM.Collect$$$$00000004  mc_w.l(entry5.o)
    0x08000138   0x08000138   0x00000000   Code   RO          338    .ARM.Collect$$$$00000008  mc_w.l(entry7b.o)
    0x08000138   0x08000138   0x00000000   Code   RO          340    .ARM.Collect$$$$0000000A  mc_w.l(entry8b.o)
    0x08000138   0x08000138   0x00000008   Code   RO          341    .ARM.Collect$$$$0000000B  mc_w.l(entry9a.o)
    0x08000140   0x08000140   0x00000000   Code   RO          343    .ARM.Collect$$$$0000000D  mc_w.l(entry10a.o)
    0x08000140   0x08000140   0x00000000   Code   RO          345    .ARM.Collect$$$$0000000F  mc_w.l(entry11a.o)
    0x08000140   0x08000140   0x00000004   Code   RO          334    .ARM.Collect$$$$00002712  mc_w.l(entry2.o)
    0x08000144   0x08000144   0x00000024   Code   RO          297    .text               startup_stm32f10x_hd.o
    0x08000168   0x08000168   0x000000e4   Code   RO          327    .text               mf_w.l(dmul.o)
    0x0800024c   0x0800024c   0x0000001a   Code   RO          329    .text               mf_w.l(dfltui.o)
    0x08000266   0x08000266   0x00000032   Code   RO          331    .text               mf_w.l(dfixui.o)
    0x08000298   0x08000298   0x00000020   Code   RO          347    .text               mc_w.l(llushr.o)
    0x080002b8   0x080002b8   0x00000000   Code   RO          349    .text               mc_w.l(iusefp.o)
    0x080002b8   0x080002b8   0x000000ba   Code   RO          350    .text               mf_w.l(depilogue.o)
    0x08000372   0x08000372   0x00000002   PAD
    0x08000374   0x08000374   0x00000024   Code   RO          352    .text               mc_w.l(init.o)
    0x08000398   0x08000398   0x0000001e   Code   RO          354    .text               mc_w.l(llshl.o)
    0x080003b6   0x080003b6   0x00000002   PAD
    0x080003b8   0x080003b8   0x000000b8   Code   RO          175    .text.GPIO_Init     stm32f10x_gpio.o
    0x08000470   0x08000470   0x0000006a   Code   RO          201    .text.GPIO_PinRemapConfig  stm32f10x_gpio.o
    0x080004da   0x080004da   0x00000002   PAD
    0x080004dc   0x080004dc   0x00000004   Code   RO          189    .text.GPIO_ResetBits  stm32f10x_gpio.o
    0x080004e0   0x080004e0   0x00000004   Code   RO          187    .text.GPIO_SetBits  stm32f10x_gpio.o
    0x080004e4   0x080004e4   0x0000008a   Code   RO           70    .text.LCD_Clear     dev_lcd.o
    0x0800056e   0x0800056e   0x00000002   PAD
    0x08000570   0x08000570   0x0000015c   Code   RO           64    .text.LCD_Display_Dir  dev_lcd.o
    0x080006cc   0x080006cc   0x00000300   Code   RO           60    .text.LCD_Fast_DrawPoint  dev_lcd.o
    0x080009cc   0x080009cc   0x00003c58   Code   RO           68    .text.LCD_Init      dev_lcd.o
    0x08004624   0x08004624   0x0000008e   Code   RO           34    .text.LCD_RD_DATA   dev_lcd.o
    0x080046b2   0x080046b2   0x00000002   PAD
    0x080046b4   0x080046b4   0x0000000e   Code   RO           38    .text.LCD_ReadReg   dev_lcd.o
    0x080046c2   0x080046c2   0x00000002   PAD
    0x080046c4   0x080046c4   0x000000b0   Code   RO           62    .text.LCD_SSD_BackLightSet  dev_lcd.o
    0x08004774   0x08004774   0x0000036a   Code   RO           56    .text.LCD_Scan_Dir  dev_lcd.o
    0x08004ade   0x08004ade   0x00000002   PAD
    0x08004ae0   0x08004ae0   0x00000298   Code   RO           50    .text.LCD_SetCursor  dev_lcd.o
    0x08004d78   0x08004d78   0x00000028   Code   RO           32    .text.LCD_WR_DATAX  dev_lcd.o
    0x08004da0   0x08004da0   0x0000002c   Code   RO           30    .text.LCD_WR_REG    dev_lcd.o
    0x08004dcc   0x08004dcc   0x0000000e   Code   RO           40    .text.LCD_WriteRAM_Prepare  dev_lcd.o
    0x08004dda   0x08004dda   0x00000002   PAD
    0x08004ddc   0x08004ddc   0x00000030   Code   RO           36    .text.LCD_WriteReg  dev_lcd.o
    0x08004e0c   0x08004e0c   0x00000018   Code   RO          262    .text.RCC_APB2PeriphClockCmd  stm32f10x_rcc.o
    0x08004e24   0x08004e24   0x00000004   Code   RO          306    .text.SetSysClock   system_stm32f10x.o
    0x08004e28   0x08004e28   0x000000ca   Code   RO          310    .text.SetSysClockTo72  system_stm32f10x.o
    0x08004ef2   0x08004ef2   0x00000002   PAD
    0x08004ef4   0x08004ef4   0x0000002e   Code   RO          142    .text.SysTick_Handler  sys_tick.o
    0x08004f22   0x08004f22   0x00000002   PAD
    0x08004f24   0x08004f24   0x00000056   Code   RO          304    .text.SystemInit    system_stm32f10x.o
    0x08004f7a   0x08004f7a   0x00000002   PAD
    0x08004f7c   0x08004f7c   0x00000026   Code   RO          113    .text.dev_led_disable  dev_led.o
    0x08004fa2   0x08004fa2   0x00000002   PAD
    0x08004fa4   0x08004fa4   0x00000026   Code   RO          111    .text.dev_led_enable  dev_led.o
    0x08004fca   0x08004fca   0x00000002   PAD
    0x08004fcc   0x08004fcc   0x0000005a   Code   RO          109    .text.dev_led_init  dev_led.o
    0x08005026   0x08005026   0x00000002   PAD
    0x08005028   0x08005028   0x0000004e   Code   RO           15    .text.main          main.o
    0x08005076   0x08005076   0x00000002   PAD
    0x08005078   0x08005078   0x0000003e   Code   RO           13    .text.show_image    main.o
    0x080050b6   0x080050b6   0x00000002   PAD
    0x080050b8   0x080050b8   0x00000008   Code   RO          152    .text.sys_tick_calc_tick_ms  sys_tick.o
    0x080050c0   0x080050c0   0x00000006   Code   RO          150    .text.sys_tick_calc_tick_us  sys_tick.o
    0x080050c6   0x080050c6   0x00000002   PAD
    0x080050c8   0x080050c8   0x0000001a   Code   RO          156    .text.sys_tick_delay_ms  sys_tick.o
    0x080050e2   0x080050e2   0x00000002   PAD
    0x080050e4   0x080050e4   0x00000022   Code   RO          154    .text.sys_tick_delay_us  sys_tick.o
    0x08005106   0x08005106   0x00000002   PAD
    0x08005108   0x08005108   0x0000002a   Code   RO          146    .text.sys_tick_get_tick  sys_tick.o
    0x08005132   0x08005132   0x00000002   PAD
    0x08005134   0x08005134   0x0000002a   Code   RO          144    .text.sys_tick_init  sys_tick.o
    0x0800515e   0x0800515e   0x00000002   PAD
    0x08005160   0x08005160   0x00000016   Code   RO          148    .text.sys_tick_wait_to  sys_tick.o
    0x08005176   0x08005176   0x0000000e   Code   RO          358    i.__scatterload_copy  mc_w.l(handlers.o)
    0x08005184   0x08005184   0x00000002   Code   RO          359    i.__scatterload_null  mc_w.l(handlers.o)
    0x08005186   0x08005186   0x0000000e   Code   RO          360    i.__scatterload_zeroinit  mc_w.l(handlers.o)
    0x08005194   0x08005194   0x00009600   Data   RO            2    .rodata.image_data  image_data.o
    0x0800e794   0x0800e794   0x00000010   Data   RO          356    Region$$Table       anon$$obj.o


    Execution Region RW_IRAM1 (Exec base: 0x20000000, Load base: 0x0800e7a4, Size: 0x00000418, Max: 0x0000c000, ABSOLUTE)

    Exec Addr    Load Addr    Size         Type   Attr      Idx    E Section Name        Object

    0x20000000        -       0x0000000e   Zero   RW           94    .bss.lcddev         dev_lcd.o
    0x2000000e   0x0800e7a4   0x00000002   PAD
    0x20000010        -       0x00000004   Zero   RW          159    .bss.tick_high      sys_tick.o
    0x20000014        -       0x00000004   Zero   RW          158    .bss.tick_low       sys_tick.o
    0x20000018        -       0x00000400   Zero   RW          294    STACK               startup_stm32f10x_hd.o


==============================================================================

Image component sizes


      Code (inc. data)   RO Data    RW Data    ZI Data      Debug   Object Name

     18718        100          0          0         14      16719   dev_lcd.o
       166          0          0          0          0       2100   dev_led.o
         0          0      38400          0          0        549   image_data.o
       140          0          0          0          0       1001   main.o
        36          8        304          0       1024        824   startup_stm32f10x_hd.o
       298          0          0          0          0       6260   stm32f10x_gpio.o
        24          0          0          0          0       8206   stm32f10x_rcc.o
       226          0          0          0          8       2877   sys_tick.o
       292          0          0          0          0       3067   system_stm32f10x.o

    ----------------------------------------------------------------------
     19938        108      38720          0       1048      41603   Object Totals
         0          0         16          0          0          0   (incl. Generated)
        38          0          0          0          2          0   (incl. Padding)

    ----------------------------------------------------------------------

      Code (inc. data)   RO Data    RW Data    ZI Data      Debug   Library Member Name

         0          0          0          0          0          0   entry.o
         0          0          0          0          0          0   entry10a.o
         0          0          0          0          0          0   entry11a.o
         8          4          0          0          0          0   entry2.o
         4          0          0          0          0          0   entry5.o
         0          0          0          0          0          0   entry7b.o
         0          0          0          0          0          0   entry8b.o
         8          4          0          0          0          0   entry9a.o
        30          0          0          0          0          0   handlers.o
        36          8          0          0          0         68   init.o
         0          0          0          0          0          0   iusefp.o
        30          0          0          0          0         68   llshl.o
        32          0          0          0          0         68   llushr.o
       186          0          0          0          0        176   depilogue.o
        50          0          0          0          0         76   dfixui.o
        26          0          0          0          0         76   dfltui.o
       228          0          0          0          0         96   dmul.o

    ----------------------------------------------------------------------
       642         16          0          0          0        628   Library Totals
         4          0          0          0          0          0   (incl. Padding)

    ----------------------------------------------------------------------

      Code (inc. data)   RO Data    RW Data    ZI Data      Debug   Library Name

       148         16          0          0          0        204   mc_w.l
       490          0          0          0          0        424   mf_w.l

    ----------------------------------------------------------------------
       642         16          0          0          0        628   Library Totals

    ----------------------------------------------------------------------

==============================================================================


      Code (inc. data)   RO Data    RW Data    ZI Data      Debug   

     20580        124      38720          0       1048      42027   Grand Totals
     20580        124      38720          0       1048      42027   ELF Image Totals
     20580        124      38720          0          0          0   ROM Totals

==============================================================================

    Total RO  Size (Code + RO Data)                59300 (  57.91kB)
    Total RW  Size (RW Data + ZI Data)              1048 (   1.02kB)
    Total ROM Size (Code + RO Data + RW Data)      59300 (  57.91kB)

==============================================================================

